15:28:25 **** Auto Build of configuration Debug for project hello_no_one ****
make pre-build main-build 
a9-linaro-pre-build-step
 
Building file: ../src/hello_no_one.c
Invoking: ARM v7 gcc compiler
arm-none-eabi-gcc -Wall -O0 -g3 -c -fmessage-length=0 -MT"src/hello_no_one.o" -mcpu=cortex-a9 -mfpu=vfpv3 -mfloat-abi=hard -I../../hello_no_one_bsp/ps7_cortexa9_0/include -MMD -MP -MF"src/hello_no_one.d" -MT"src/hello_no_one.o" -o "src/hello_no_one.o" "../src/hello_no_one.c"
Finished building: ../src/hello_no_one.c
 
Building file: ../src/platform.c
Invoking: ARM v7 gcc compiler
arm-none-eabi-gcc -Wall -O0 -g3 -c -fmessage-length=0 -MT"src/platform.o" -mcpu=cortex-a9 -mfpu=vfpv3 -mfloat-abi=hard -I../../hello_no_one_bsp/ps7_cortexa9_0/include -MMD -MP -MF"src/platform.d" -MT"src/platform.o" -o "src/platform.o" "../src/platform.c"
Finished building: ../src/platform.c
 
Building target: hello_no_one.elf
Invoking: ARM v7 gcc linker
arm-none-eabi-gcc -mcpu=cortex-a9 -mfpu=vfpv3 -mfloat-abi=hard -Wl,-build-id=none -specs=Xilinx.spec -Wl,-T -Wl,../src/lscript.ld -L../../hello_no_one_bsp/ps7_cortexa9_0/lib -o "hello_no_one.elf"  ./src/hello_no_one.o ./src/platform.o   -Wl,--start-group,-lxil,-lgcc,-lc,--end-group
Finished building target: hello_no_one.elf
 
Invoking: ARM v7 Print Size
arm-none-eabi-size hello_no_one.elf  |tee "hello_no_one.elf.size"
   text	   data	    bss	    dec	    hex	filename
  29440	   1544	  23256	  54240	   d3e0	hello_no_one.elf
Finished building: hello_no_one.elf.size
 

15:28:25 Build Finished (took 217ms)

